// Jest Snapshot v1, https://goo.gl/fbAQLP

exports[`testing the custom button should match the snapshot 1`] = `
<button
  className="button green outline"
  data-testid="customButton"
>
  Increment Counter
</button>
`;
